// Jest Snapshot v1, https://goo.gl/fbAQLP

exports[`Test article component Matches the snapshot 1`] = `
ShallowWrapper {
  Symbol(enzyme.__root__): [Circular],
  Symbol(enzyme.__unrendered__): <Alert
    message="error"
    type="positive"
  />,
  Symbol(enzyme.__renderer__): Object {
    "batchedUpdates": [Function],
    "checkPropTypes": [Function],
    "getNode": [Function],
    "render": [Function],
    "simulateError": [Function],
    "simulateEvent": [Function],
    "unmount": [Function],
  },
  Symbol(enzyme.__node__): Object {
    "instance": null,
    "key": undefined,
    "nodeType": "host",
    "props": Object {
      "children": <Message
        positive={true}
      >
        <MessageHeader
          as="h5"
        >
           
          error
           
        </MessageHeader>
      </Message>,
    },
    "ref": null,
    "rendered": Object {
      "instance": null,
      "key": undefined,
      "nodeType": "class",
      "props": Object {
        "children": <MessageHeader
          as="h5"
        >
           
          error
           
        </MessageHeader>,
        "positive": true,
      },
      "ref": null,
      "rendered": Object {
        "instance": null,
        "key": undefined,
        "nodeType": "function",
        "props": Object {
          "as": "h5",
          "children": Array [
            " ",
            "error",
            " ",
          ],
        },
        "ref": null,
        "rendered": Array [
          " ",
          "error",
          " ",
        ],
        "type": [Function],
      },
      "type": [Function],
    },
    "type": "div",
  },
  Symbol(enzyme.__nodes__): Array [
    Object {
      "instance": null,
      "key": undefined,
      "nodeType": "host",
      "props": Object {
        "children": <Message
          positive={true}
        >
          <MessageHeader
            as="h5"
          >
             
            error
             
          </MessageHeader>
        </Message>,
      },
      "ref": null,
      "rendered": Object {
        "instance": null,
        "key": undefined,
        "nodeType": "class",
        "props": Object {
          "children": <MessageHeader
            as="h5"
          >
             
            error
             
          </MessageHeader>,
          "positive": true,
        },
        "ref": null,
        "rendered": Object {
          "instance": null,
          "key": undefined,
          "nodeType": "function",
          "props": Object {
            "as": "h5",
            "children": Array [
              " ",
              "error",
              " ",
            ],
          },
          "ref": null,
          "rendered": Array [
            " ",
            "error",
            " ",
          ],
          "type": [Function],
        },
        "type": [Function],
      },
      "type": "div",
    },
  ],
  Symbol(enzyme.__options__): Object {
    "adapter": ReactSixteenAdapter {
      "options": Object {
        "enableComponentDidUpdateOnSetState": true,
        "legacyContextMode": "parent",
        "lifecycles": Object {
          "componentDidUpdate": Object {
            "onSetState": true,
          },
          "getChildContext": Object {
            "calledByRenderer": false,
          },
          "getDerivedStateFromProps": true,
          "getSnapshotBeforeUpdate": true,
          "setState": Object {
            "skipsComponentDidUpdateOnNullish": true,
          },
        },
      },
    },
  },
}
`;
